












Expo Metro config:
- Version: 54.0.15
- Extensions: ts, tsx, mjs, js, jsx, json, cjs, scss, sass, css
- React Native: D:\keke-manager-app\node_modules\react-native
- Watch Folders: 
- Node Module Paths: 
- Sass: null
- Reanimated: null
- Worklets: null
- Babel Runtime: null


Expo Metro config:
- Version: 54.0.15
- Extensions: ts, tsx, mjs, js, jsx, json, cjs, scss, sass, css
- React Native: D:\keke-manager-app\node_modules\react-native
- Watch Folders: 
- Node Module Paths: 
- Sass: null
- Reanimated: null
- Worklets: null
- Babel Runtime: null



Starting Metro Bundler


Web node_modules\expo-router\entry.js ΓûæΓûæΓûæΓûæΓûæΓûæΓûæΓûæΓûæΓûæΓûæΓûæΓûæΓûæΓûæΓûæ  0.0% (0/1)






| (node:36560) Warning: The 'NO_COLOR' env is ignored due to the 'FORCE_COLOR' env being set.
| (Use `node --trace-warnings ...` to show where the warning was created)
Web node_modules\expo-router\entry.js ΓûôΓûôΓûôΓûôΓûôΓûôΓûôΓûôΓûôΓûôΓûôΓûôΓûôΓûôΓûôΓûæ 99.7% (1199/1201)
| expo-router/babel is deprecated in favor of babel-preset-expo in SDK 50. To fix the issue, remove "expo-router/babel" from "plugins" in your babel.config.js file.
| 2026-05-24T21:01:13.291Z expo:babel:exports Found assignment to module.exports or exports at 1481
| (node:32732) Warning: The 'NO_COLOR' env is ignored due to the 'FORCE_COLOR' env being set.
| (Use `node --trace-warnings ...` to show where the warning was created)
Web Bundling failed 4583ms node_modules\expo-router\entry.js (1201 modules)










